// Jest Snapshot v1, https://goo.gl/fbAQLP

exports[`deberia hacer la tarea   debe de mostrar el <CounterApp />  1`] = `
<Fragment>
  <h1>
    CounterApp
  </h1>
  <h2>
     
    10
     
  </h2>
  <button
    onClick={[Function]}
  >
    +1
  </button>
  <button
    onClick={[Function]}
  >
    Reseat
  </button>
  <button
    onClick={[Function]}
  >
    -1
  </button>
</Fragment>
`;
