// Jest Snapshot v1, https://goo.gl/fbAQLP

exports[`prueba en <PrimeraApp /> debe mostrar <PrimeraApp /> correctamente  1`] = `
<Fragment>
  <h1>
    Hola soy Goku
  </h1>
  <p>
    Este es un subtitulo
  </p>
</Fragment>
`;
